*** EVALUATION ***
PROGRAM "HCS08-PTxx-flash-program"

*********************************************************************************************
TARGET SECTION
---------------------------------------------------------------------------------------------
Processor   : Freescale HC08
Memory Model: SMALL
File Format : ELF\DWARF 2.0
Linker      : SmartLinker V-5.0.48 Build 11346, Dec 13 2011

*********************************************************************************************
FILE SECTION
---------------------------------------------------------------------------------------------
main_c.obj                              Model: SMALL,         Lang: ANSI-C
mc9s08pt60_c.obj                        Model: SMALL,         Lang: ANSI-C

*********************************************************************************************
STARTUP SECTION
---------------------------------------------------------------------------------------------
Entry point: 0x44F (entry)

*********************************************************************************************
SECTION-ALLOCATION SECTION
Section Name                    Size  Type     From       To       Segment
---------------------------------------------------------------------------------------------
.rodata                           14     R       0x40       0x4D   PSEUDO_ROM
.init                           1053     R       0x4E      0x46A   PSEUDO_ROM
.common                           47     R      0x46B      0x499   PSEUDO_ROM
.abs_section_0                     1   N/I        0x0        0x0   .absSeg0
.abs_section_1                     1   N/I        0x1        0x1   .absSeg1
.abs_section_2                     1   N/I        0x2        0x2   .absSeg2
.abs_section_3                     1   N/I        0x3        0x3   .absSeg3
.abs_section_4                     1   N/I        0x4        0x4   .absSeg4
.abs_section_5                     1   N/I        0x5        0x5   .absSeg5
.abs_section_6                     1   N/I        0x6        0x6   .absSeg6
.abs_section_7                     1   N/I        0x7        0x7   .absSeg7
.abs_section_8                     1   N/I        0x8        0x8   .absSeg8
.abs_section_9                     1   N/I        0x9        0x9   .absSeg9
.abs_section_a                     1   N/I        0xA        0xA   .absSeg10
.abs_section_b                     1   N/I        0xB        0xB   .absSeg11
.abs_section_c                     1   N/I        0xC        0xC   .absSeg12
.abs_section_d                     1   N/I        0xD        0xD   .absSeg13
.abs_section_10                    1   N/I       0x10       0x10   .absSeg14
.abs_section_11                    1   N/I       0x11       0x11   .absSeg15
.abs_section_12                    1   N/I       0x12       0x12   .absSeg16
.abs_section_13                    1   N/I       0x13       0x13   .absSeg17
.abs_section_18                    1   N/I       0x18       0x18   .absSeg18
.abs_section_19                    1   N/I       0x19       0x19   .absSeg19
.abs_section_1a                    1   N/I       0x1A       0x1A   .absSeg20
.abs_section_1b                    1   N/I       0x1B       0x1B   .absSeg21
.abs_section_1c                    1   N/I       0x1C       0x1C   .absSeg22
.abs_section_1d                    1   N/I       0x1D       0x1D   .absSeg23
.abs_section_1e                    1   N/I       0x1E       0x1E   .absSeg24
.abs_section_1f                    1   N/I       0x1F       0x1F   .absSeg25
.abs_section_20                    1   N/I       0x20       0x20   .absSeg26
.abs_section_25                    1   N/I       0x25       0x25   .absSeg27
.abs_section_28                    1   N/I       0x28       0x28   .absSeg28
.abs_section_2c                    1   N/I       0x2C       0x2C   .absSeg29
.abs_section_2d                    1   N/I       0x2D       0x2D   .absSeg30
.abs_section_2e                    1   N/I       0x2E       0x2E   .absSeg31
.abs_section_2f                    1   N/I       0x2F       0x2F   .absSeg32
.abs_section_30                    1   N/I       0x30       0x30   .absSeg33
.abs_section_35                    1   N/I       0x35       0x35   .absSeg34
.abs_section_38                    1   N/I       0x38       0x38   .absSeg35
.abs_section_3b                    1   N/I       0x3B       0x3B   .absSeg36
.abs_section_3c                    1   N/I       0x3C       0x3C   .absSeg37
.abs_section_3d                    1   N/I       0x3D       0x3D   .absSeg38
.abs_section_3e                    1   N/I       0x3E       0x3E   .absSeg39
.abs_section_3f                    1   N/I       0x3F       0x3F   .absSeg40
.abs_section_3000                  1   N/I     0x3000     0x3000   .absSeg41
.abs_section_3001                  1   N/I     0x3001     0x3001   .absSeg42
.abs_section_3004                  1   N/I     0x3004     0x3004   .absSeg43
.abs_section_3005                  1   N/I     0x3005     0x3005   .absSeg44
.abs_section_3006                  1   N/I     0x3006     0x3006   .absSeg45
.abs_section_3007                  1   N/I     0x3007     0x3007   .absSeg46
.abs_section_300c                  1   N/I     0x300C     0x300C   .absSeg47
.abs_section_300d                  1   N/I     0x300D     0x300D   .absSeg48
.abs_section_300e                  1   N/I     0x300E     0x300E   .absSeg49
.abs_section_300f                  1   N/I     0x300F     0x300F   .absSeg50
.abs_section_3010                  1   N/I     0x3010     0x3010   .absSeg51
.abs_section_3011                  1   N/I     0x3011     0x3011   .absSeg52
.abs_section_3012                  1   N/I     0x3012     0x3012   .absSeg53
.abs_section_3013                  1   N/I     0x3013     0x3013   .absSeg54
.abs_section_3014                  1   N/I     0x3014     0x3014   .absSeg55
.abs_section_3015                  1   N/I     0x3015     0x3015   .absSeg56
.abs_section_3016                  1   N/I     0x3016     0x3016   .absSeg57
.abs_section_3017                  1   N/I     0x3017     0x3017   .absSeg58
.abs_section_3018                  1   N/I     0x3018     0x3018   .absSeg59
.abs_section_3019                  1   N/I     0x3019     0x3019   .absSeg60
.abs_section_301a                  1   N/I     0x301A     0x301A   .absSeg61
.abs_section_301b                  1   N/I     0x301B     0x301B   .absSeg62
.abs_section_301c                  1   N/I     0x301C     0x301C   .absSeg63
.abs_section_301d                  1   N/I     0x301D     0x301D   .absSeg64
.abs_section_301e                  1   N/I     0x301E     0x301E   .absSeg65
.abs_section_301f                  1   N/I     0x301F     0x301F   .absSeg66
.abs_section_3020                  1   N/I     0x3020     0x3020   .absSeg67
.abs_section_3021                  1   N/I     0x3021     0x3021   .absSeg68
.abs_section_3022                  1   N/I     0x3022     0x3022   .absSeg69
.abs_section_3024                  1   N/I     0x3024     0x3024   .absSeg70
.abs_section_3025                  1   N/I     0x3025     0x3025   .absSeg71
.abs_section_3026                  1   N/I     0x3026     0x3026   .absSeg72
.abs_section_3027                  1   N/I     0x3027     0x3027   .absSeg73
.abs_section_3028                  1   N/I     0x3028     0x3028   .absSeg74
.abs_section_3029                  1   N/I     0x3029     0x3029   .absSeg75
.abs_section_302c                  1   N/I     0x302C     0x302C   .absSeg76
.abs_section_3030                  1   N/I     0x3030     0x3030   .absSeg77
.abs_section_3031                  1   N/I     0x3031     0x3031   .absSeg78
.abs_section_3038                  1   N/I     0x3038     0x3038   .absSeg79
.abs_section_3039                  1   N/I     0x3039     0x3039   .absSeg80
.abs_section_303a                  1   N/I     0x303A     0x303A   .absSeg81
.abs_section_303b                  1   N/I     0x303B     0x303B   .absSeg82
.abs_section_303c                  1   N/I     0x303C     0x303C   .absSeg83
.abs_section_303e                  1   N/I     0x303E     0x303E   .absSeg84
.abs_section_3040                  1   N/I     0x3040     0x3040   .absSeg85
.abs_section_3041                  1   N/I     0x3041     0x3041   .absSeg86
.abs_section_304a                  1   N/I     0x304A     0x304A   .absSeg87
.abs_section_304b                  1   N/I     0x304B     0x304B   .absSeg88
.abs_section_3050                  1   N/I     0x3050     0x3050   .absSeg89
.abs_section_3051                  1   N/I     0x3051     0x3051   .absSeg90
.abs_section_3052                  1   N/I     0x3052     0x3052   .absSeg91
.abs_section_3053                  1   N/I     0x3053     0x3053   .absSeg92
.abs_section_3054                  1   N/I     0x3054     0x3054   .absSeg93
.abs_section_3055                  1   N/I     0x3055     0x3055   .absSeg94
.abs_section_3056                  1   N/I     0x3056     0x3056   .absSeg95
.abs_section_3057                  1   N/I     0x3057     0x3057   .absSeg96
.abs_section_3058                  1   N/I     0x3058     0x3058   .absSeg97
.abs_section_3059                  1   N/I     0x3059     0x3059   .absSeg98
.abs_section_3068                  1   N/I     0x3068     0x3068   .absSeg99
.abs_section_306a                  1   N/I     0x306A     0x306A   .absSeg100
.abs_section_306b                  1   N/I     0x306B     0x306B   .absSeg101
.abs_section_3070                  1   N/I     0x3070     0x3070   .absSeg102
.abs_section_3071                  1   N/I     0x3071     0x3071   .absSeg103
.abs_section_3072                  1   N/I     0x3072     0x3072   .absSeg104
.abs_section_3073                  1   N/I     0x3073     0x3073   .absSeg105
.abs_section_3074                  1   N/I     0x3074     0x3074   .absSeg106
.abs_section_3075                  1   N/I     0x3075     0x3075   .absSeg107
.abs_section_3076                  1   N/I     0x3076     0x3076   .absSeg108
.abs_section_3077                  1   N/I     0x3077     0x3077   .absSeg109
.abs_section_3078                  1   N/I     0x3078     0x3078   .absSeg110
.abs_section_3079                  1   N/I     0x3079     0x3079   .absSeg111
.abs_section_307c                  1   N/I     0x307C     0x307C   .absSeg112
.abs_section_307d                  1   N/I     0x307D     0x307D   .absSeg113
.abs_section_307e                  1   N/I     0x307E     0x307E   .absSeg114
.abs_section_307f                  1   N/I     0x307F     0x307F   .absSeg115
.abs_section_3082                  1   N/I     0x3082     0x3082   .absSeg116
.abs_section_3083                  1   N/I     0x3083     0x3083   .absSeg117
.abs_section_3084                  1   N/I     0x3084     0x3084   .absSeg118
.abs_section_3085                  1   N/I     0x3085     0x3085   .absSeg119
.abs_section_3086                  1   N/I     0x3086     0x3086   .absSeg120
.abs_section_3087                  1   N/I     0x3087     0x3087   .absSeg121
.abs_section_308a                  1   N/I     0x308A     0x308A   .absSeg122
.abs_section_308b                  1   N/I     0x308B     0x308B   .absSeg123
.abs_section_308c                  1   N/I     0x308C     0x308C   .absSeg124
.abs_section_308d                  1   N/I     0x308D     0x308D   .absSeg125
.abs_section_308e                  1   N/I     0x308E     0x308E   .absSeg126
.abs_section_308f                  1   N/I     0x308F     0x308F   .absSeg127
.abs_section_3092                  1   N/I     0x3092     0x3092   .absSeg128
.abs_section_3093                  1   N/I     0x3093     0x3093   .absSeg129
.abs_section_3094                  1   N/I     0x3094     0x3094   .absSeg130
.abs_section_3095                  1   N/I     0x3095     0x3095   .absSeg131
.abs_section_3096                  1   N/I     0x3096     0x3096   .absSeg132
.abs_section_3097                  1   N/I     0x3097     0x3097   .absSeg133
.abs_section_3098                  1   N/I     0x3098     0x3098   .absSeg134
.abs_section_3099                  1   N/I     0x3099     0x3099   .absSeg135
.abs_section_309a                  1   N/I     0x309A     0x309A   .absSeg136
.abs_section_309b                  1   N/I     0x309B     0x309B   .absSeg137
.abs_section_309d                  1   N/I     0x309D     0x309D   .absSeg138
.abs_section_309f                  1   N/I     0x309F     0x309F   .absSeg139
.abs_section_30a0                  1   N/I     0x30A0     0x30A0   .absSeg140
.abs_section_30a1                  1   N/I     0x30A1     0x30A1   .absSeg141
.abs_section_30a2                  1   N/I     0x30A2     0x30A2   .absSeg142
.abs_section_30a3                  1   N/I     0x30A3     0x30A3   .absSeg143
.abs_section_30a8                  1   N/I     0x30A8     0x30A8   .absSeg144
.abs_section_30a9                  1   N/I     0x30A9     0x30A9   .absSeg145
.abs_section_30ac                  1   N/I     0x30AC     0x30AC   .absSeg146
.abs_section_30ad                  1   N/I     0x30AD     0x30AD   .absSeg147
.abs_section_30af                  1   N/I     0x30AF     0x30AF   .absSeg148
.abs_section_30b0                  1   N/I     0x30B0     0x30B0   .absSeg149
.abs_section_30b1                  1   N/I     0x30B1     0x30B1   .absSeg150
.abs_section_30b2                  1   N/I     0x30B2     0x30B2   .absSeg151
.abs_section_30b3                  1   N/I     0x30B3     0x30B3   .absSeg152
.abs_section_30b4                  1   N/I     0x30B4     0x30B4   .absSeg153
.abs_section_30b5                  1   N/I     0x30B5     0x30B5   .absSeg154
.abs_section_30b6                  1   N/I     0x30B6     0x30B6   .absSeg155
.abs_section_30b7                  1   N/I     0x30B7     0x30B7   .absSeg156
.abs_section_30b8                  1   N/I     0x30B8     0x30B8   .absSeg157
.abs_section_30b9                  1   N/I     0x30B9     0x30B9   .absSeg158
.abs_section_30ba                  1   N/I     0x30BA     0x30BA   .absSeg159
.abs_section_30bb                  1   N/I     0x30BB     0x30BB   .absSeg160
.abs_section_30bc                  1   N/I     0x30BC     0x30BC   .absSeg161
.abs_section_30bd                  1   N/I     0x30BD     0x30BD   .absSeg162
.abs_section_30be                  1   N/I     0x30BE     0x30BE   .absSeg163
.abs_section_30bf                  1   N/I     0x30BF     0x30BF   .absSeg164
.abs_section_30c0                  1   N/I     0x30C0     0x30C0   .absSeg165
.abs_section_30c5                  1   N/I     0x30C5     0x30C5   .absSeg166
.abs_section_30c8                  1   N/I     0x30C8     0x30C8   .absSeg167
.abs_section_30cb                  1   N/I     0x30CB     0x30CB   .absSeg168
.abs_section_30ce                  1   N/I     0x30CE     0x30CE   .absSeg169
.abs_section_30d1                  1   N/I     0x30D1     0x30D1   .absSeg170
.abs_section_30d4                  1   N/I     0x30D4     0x30D4   .absSeg171
.abs_section_30d9                  1   N/I     0x30D9     0x30D9   .absSeg172
.abs_section_30da                  1   N/I     0x30DA     0x30DA   .absSeg173
.abs_section_30db                  1   N/I     0x30DB     0x30DB   .absSeg174
.abs_section_30dc                  1   N/I     0x30DC     0x30DC   .absSeg175
.abs_section_30dd                  1   N/I     0x30DD     0x30DD   .absSeg176
.abs_section_30de                  1   N/I     0x30DE     0x30DE   .absSeg177
.abs_section_30df                  1   N/I     0x30DF     0x30DF   .absSeg178
.abs_section_30e0                  1   N/I     0x30E0     0x30E0   .absSeg179
.abs_section_30e2                  1   N/I     0x30E2     0x30E2   .absSeg180
.abs_section_30e3                  1   N/I     0x30E3     0x30E3   .absSeg181
.abs_section_30e4                  1   N/I     0x30E4     0x30E4   .absSeg182
.abs_section_30e5                  1   N/I     0x30E5     0x30E5   .absSeg183
.abs_section_30e6                  1   N/I     0x30E6     0x30E6   .absSeg184
.abs_section_30e7                  1   N/I     0x30E7     0x30E7   .absSeg185
.abs_section_30e8                  1   N/I     0x30E8     0x30E8   .absSeg186
.abs_section_30e9                  1   N/I     0x30E9     0x30E9   .absSeg187
.abs_section_30ec                  1   N/I     0x30EC     0x30EC   .absSeg188
.abs_section_30ed                  1   N/I     0x30ED     0x30ED   .absSeg189
.abs_section_30ee                  1   N/I     0x30EE     0x30EE   .absSeg190
.abs_section_30ef                  1   N/I     0x30EF     0x30EF   .absSeg191
.abs_section_30f0                  1   N/I     0x30F0     0x30F0   .absSeg192
.abs_section_30f1                  1   N/I     0x30F1     0x30F1   .absSeg193
.abs_section_30f2                  1   N/I     0x30F2     0x30F2   .absSeg194
.abs_section_30f3                  1   N/I     0x30F3     0x30F3   .absSeg195
.abs_section_30f4                  1   N/I     0x30F4     0x30F4   .absSeg196
.abs_section_30f5                  1   N/I     0x30F5     0x30F5   .absSeg197
.abs_section_30f6                  1   N/I     0x30F6     0x30F6   .absSeg198
.abs_section_30f7                  1   N/I     0x30F7     0x30F7   .absSeg199
.abs_section_30f8                  1   N/I     0x30F8     0x30F8   .absSeg200
.abs_section_30f9                  1   N/I     0x30F9     0x30F9   .absSeg201
.abs_section_30fa                  1   N/I     0x30FA     0x30FA   .absSeg202
.abs_section_30fb                  1   N/I     0x30FB     0x30FB   .absSeg203
.abs_section_30fc                  1   N/I     0x30FC     0x30FC   .absSeg204
.abs_section_30fd                  1   N/I     0x30FD     0x30FD   .absSeg205
.abs_section_30fe                  1   N/I     0x30FE     0x30FE   .absSeg206
.abs_section_30ff                  1   N/I     0x30FF     0x30FF   .absSeg207
.abs_section_e                     2   N/I        0xE        0xF   .absSeg208
.abs_section_14                    2   N/I       0x14       0x15   .absSeg209
.abs_section_16                    2   N/I       0x16       0x17   .absSeg210
.abs_section_21                    2   N/I       0x21       0x22   .absSeg211
.abs_section_23                    2   N/I       0x23       0x24   .absSeg212
.abs_section_26                    2   N/I       0x26       0x27   .absSeg213
.abs_section_29                    2   N/I       0x29       0x2A   .absSeg214
.abs_section_31                    2   N/I       0x31       0x32   .absSeg215
.abs_section_33                    2   N/I       0x33       0x34   .absSeg216
.abs_section_36                    2   N/I       0x36       0x37   .absSeg217
.abs_section_39                    2   N/I       0x39       0x3A   .absSeg218
.abs_section_3002                  2   N/I     0x3002     0x3003   .absSeg219
.abs_section_302a                  2   N/I     0x302A     0x302B   .absSeg220
.abs_section_3032                  2   N/I     0x3032     0x3033   .absSeg221
.abs_section_3034                  2   N/I     0x3034     0x3035   .absSeg222
.abs_section_3036                  2   N/I     0x3036     0x3037   .absSeg223
.abs_section_3060                  2   N/I     0x3060     0x3061   .absSeg224
.abs_section_3062                  2   N/I     0x3062     0x3063   .absSeg225
.abs_section_3064                  2   N/I     0x3064     0x3065   .absSeg226
.abs_section_3066                  2   N/I     0x3066     0x3067   .absSeg227
.abs_section_306c                  2   N/I     0x306C     0x306D   .absSeg228
.abs_section_306e                  2   N/I     0x306E     0x306F   .absSeg229
.abs_section_307a                  2   N/I     0x307A     0x307B   .absSeg230
.abs_section_3080                  2   N/I     0x3080     0x3081   .absSeg231
.abs_section_3088                  2   N/I     0x3088     0x3089   .absSeg232
.abs_section_3090                  2   N/I     0x3090     0x3091   .absSeg233
.abs_section_30a4                  2   N/I     0x30A4     0x30A5   .absSeg234
.abs_section_30a6                  2   N/I     0x30A6     0x30A7   .absSeg235
.abs_section_30c1                  2   N/I     0x30C1     0x30C2   .absSeg236
.abs_section_30c3                  2   N/I     0x30C3     0x30C4   .absSeg237
.abs_section_30c6                  2   N/I     0x30C6     0x30C7   .absSeg238
.abs_section_30c9                  2   N/I     0x30C9     0x30CA   .absSeg239
.abs_section_30cc                  2   N/I     0x30CC     0x30CD   .absSeg240
.abs_section_30cf                  2   N/I     0x30CF     0x30D0   .absSeg241
.abs_section_30d2                  2   N/I     0x30D2     0x30D3   .absSeg242
.abs_section_30d5                  2   N/I     0x30D5     0x30D6   .absSeg243
.abs_section_30d7                  2   N/I     0x30D7     0x30D8   .absSeg244

Summary of section sizes per section type:
READ_ONLY (R):         45A (dec:     1114)
NO_INIT (N/I):         11A (dec:      282)

*********************************************************************************************
VECTOR-ALLOCATION SECTION
    Address     InitValue   InitFunction
---------------------------------------------------------------------------------------------

*********************************************************************************************
OBJECT-ALLOCATION SECTION
     Name               Module                 Addr   hSize   dSize     Ref    Section   RLIB
---------------------------------------------------------------------------------------------
MODULE:                 -- main_c.obj --
- PROCEDURES:
     setErrorCode                                4E       E      14       7   .init       
     initFlash                                   5C      22      34       1   .init       
     doFlashCommand                              7E      2C      44       4   .init       
     massEraseFlash                              AA      59      89       1   .init       
     programRange                               103     1F5     501       8   .init       
     verifyRange                                2F8      55      85       1   .init       
     eraseRange                                 34D      C3     195       2   .init       
     blankCheckRange                            410      3F      63       1   .init       
     entry                                      44F      15      21       1   .init       
     asm_entry                                  464       7       7       1   .init       
- VARIABLES:
     headerPtr                                   40       2       2       1   .rodata     
     gFlashProgramHeader                         42       C      12       1   .rodata     
     stackSpace                                 46B      1B      27       1   .common     
     gFlashData                                 486      14      20      38   .common     
MODULE:                 -- mc9s08pt60_c.obj --
- PROCEDURES:
- VARIABLES:
     _PORT_PTAD                                   0       1       1       0   .abs_section_0
     _PORT_PTBD                                   1       1       1       0   .abs_section_1
     _PORT_PTCD                                   2       1       1       0   .abs_section_2
     _PORT_PTDD                                   3       1       1       0   .abs_section_3
     _PORT_PTED                                   4       1       1       0   .abs_section_4
     _PORT_PTFD                                   5       1       1       0   .abs_section_5
     _PORT_PTGD                                   6       1       1       0   .abs_section_6
     _PORT_PTHD                                   7       1       1       0   .abs_section_7
     _TSI_CS0                                     8       1       1       0   .abs_section_8
     _TSI_CS1                                     9       1       1       0   .abs_section_9
     _TSI_CS2                                     A       1       1       0   .abs_section_a
     _TSI_CS3                                     B       1       1       0   .abs_section_b
     _TSI_PEN0                                    C       1       1       0   .abs_section_c
     _TSI_PEN1                                    D       1       1       0   .abs_section_d
     _ADC_SC1                                    10       1       1       0   .abs_section_10
     _ADC_SC2                                    11       1       1       0   .abs_section_11
     _ADC_SC3                                    12       1       1       0   .abs_section_12
     _ADC_SC4                                    13       1       1       0   .abs_section_13
     _MTIM0_SC                                   18       1       1       0   .abs_section_18
     _MTIM0_CLK                                  19       1       1       0   .abs_section_19
     _MTIM0_CNT                                  1A       1       1       0   .abs_section_1a
     _MTIM0_MOD                                  1B       1       1       0   .abs_section_1b
     _MTIM1_SC                                   1C       1       1       0   .abs_section_1c
     _MTIM1_CLK                                  1D       1       1       0   .abs_section_1d
     _MTIM1_CNT                                  1E       1       1       0   .abs_section_1e
     _MTIM1_MOD                                  1F       1       1       0   .abs_section_1f
     _FTM0_SC                                    20       1       1       0   .abs_section_20
     _FTM0_C0SC                                  25       1       1       0   .abs_section_25
     _FTM0_C1SC                                  28       1       1       0   .abs_section_28
     _ACMP_CS                                    2C       1       1       0   .abs_section_2c
     _ACMP_C0                                    2D       1       1       0   .abs_section_2d
     _ACMP_C1                                    2E       1       1       0   .abs_section_2e
     _ACMP_C2                                    2F       1       1       0   .abs_section_2f
     _FTM1_SC                                    30       1       1       0   .abs_section_30
     _FTM1_C0SC                                  35       1       1       0   .abs_section_35
     _FTM1_C1SC                                  38       1       1       0   .abs_section_38
     _IRQ_SC                                     3B       1       1       0   .abs_section_3b
     _KBI0_SC                                    3C       1       1       0   .abs_section_3c
     _KBI1_SC                                    3D       1       1       0   .abs_section_3d
     _IPC_SC                                     3E       1       1       0   .abs_section_3e
     _IPC_IPMPS                                  3F       1       1       0   .abs_section_3f
     _SYS_SRS                                  3000       1       1       0   .abs_section_3000
     _SYS_SBDFR                                3001       1       1       0   .abs_section_3001
     _SYS_SOPT1                                3004       1       1       0   .abs_section_3004
     _SYS_SOPT2                                3005       1       1       0   .abs_section_3005
     _SYS_SOPT3                                3006       1       1       0   .abs_section_3006
     _SYS_SOPT4                                3007       1       1       0   .abs_section_3007
     _SCG_C1                                   300C       1       1       0   .abs_section_300c
     _SCG_C2                                   300D       1       1       0   .abs_section_300d
     _SCG_C3                                   300E       1       1       0   .abs_section_300e
     _SCG_C4                                   300F       1       1       0   .abs_section_300f
     _DBG_CAH                                  3010       1       1       0   .abs_section_3010
     _DBG_CAL                                  3011       1       1       0   .abs_section_3011
     _DBG_CBH                                  3012       1       1       0   .abs_section_3012
     _DBG_CBL                                  3013       1       1       0   .abs_section_3013
     _DBG_CCH                                  3014       1       1       0   .abs_section_3014
     _DBG_CCL                                  3015       1       1       0   .abs_section_3015
     _DBG_FH                                   3016       1       1       0   .abs_section_3016
     _DBG_FL                                   3017       1       1       0   .abs_section_3017
     _DBG_CAX                                  3018       1       1       0   .abs_section_3018
     _DBG_CBX                                  3019       1       1       0   .abs_section_3019
     _DBG_CCX                                  301A       1       1       0   .abs_section_301a
     _DBG_FX                                   301B       1       1       0   .abs_section_301b
     _DBG_C                                    301C       1       1       0   .abs_section_301c
     _DBG_T                                    301D       1       1       0   .abs_section_301d
     _DBG_S                                    301E       1       1       0   .abs_section_301e
     _DBG_CNT                                  301F       1       1       0   .abs_section_301f
     _NVM_FCLKDIV                              3020       1       1       0   .abs_section_3020
     _NVM_FSEC                                 3021       1       1       0   .abs_section_3021
     _NVM_FCCOBIX                              3022       1       1       0   .abs_section_3022
     _NVM_FCNFG                                3024       1       1       0   .abs_section_3024
     _NVM_FERCNFG                              3025       1       1       0   .abs_section_3025
     _NVM_FSTAT                                3026       1       1       0   .abs_section_3026
     _NVM_FERSTAT                              3027       1       1       0   .abs_section_3027
     _NVM_FPROT                                3028       1       1       0   .abs_section_3028
     _NVM_EEPROT                               3029       1       1       0   .abs_section_3029
     _NVM_FOPT                                 302C       1       1       0   .abs_section_302c
     _WDOG_CS1                                 3030       1       1       0   .abs_section_3030
     _WDOG_CS2                                 3031       1       1       0   .abs_section_3031
     _ICS_C1                                   3038       1       1       0   .abs_section_3038
     _ICS_C2                                   3039       1       1       0   .abs_section_3039
     _ICS_C3                                   303A       1       1       0   .abs_section_303a
     _ICS_C4                                   303B       1       1       0   .abs_section_303b
     _ICS_S                                    303C       1       1       0   .abs_section_303c
     _ICS_OSCSC                                303E       1       1       0   .abs_section_303e
     _PMC_SPMSC1                               3040       1       1       0   .abs_section_3040
     _PMC_SPMSC2                               3041       1       1       0   .abs_section_3041
     _SYS_ILLAH                                304A       1       1       0   .abs_section_304a
     _SYS_ILLAL                                304B       1       1       0   .abs_section_304b
     _IPC_ILRS0                                3050       1       1       0   .abs_section_3050
     _IPC_ILRS1                                3051       1       1       0   .abs_section_3051
     _IPC_ILRS2                                3052       1       1       0   .abs_section_3052
     _IPC_ILRS3                                3053       1       1       0   .abs_section_3053
     _IPC_ILRS4                                3054       1       1       0   .abs_section_3054
     _IPC_ILRS5                                3055       1       1       0   .abs_section_3055
     _IPC_ILRS6                                3056       1       1       0   .abs_section_3056
     _IPC_ILRS7                                3057       1       1       0   .abs_section_3057
     _IPC_ILRS8                                3058       1       1       0   .abs_section_3058
     _IPC_ILRS9                                3059       1       1       0   .abs_section_3059
     _CRC_CTRL                                 3068       1       1       0   .abs_section_3068
     _RTC_SC1                                  306A       1       1       0   .abs_section_306a
     _RTC_SC2                                  306B       1       1       0   .abs_section_306b
     _I2C_A1                                   3070       1       1       0   .abs_section_3070
     _I2C_F                                    3071       1       1       0   .abs_section_3071
     _I2C_C1                                   3072       1       1       0   .abs_section_3072
     _I2C_S                                    3073       1       1       0   .abs_section_3073
     _I2C_D                                    3074       1       1       0   .abs_section_3074
     _I2C_C2                                   3075       1       1       0   .abs_section_3075
     _I2C_FLT                                  3076       1       1       0   .abs_section_3076
     _I2C_RA                                   3077       1       1       0   .abs_section_3077
     _I2C_SMB                                  3078       1       1       0   .abs_section_3078
     _I2C_A2                                   3079       1       1       0   .abs_section_3079
     _KBI0_PE                                  307C       1       1       0   .abs_section_307c
     _KBI0_ES                                  307D       1       1       0   .abs_section_307d
     _KBI1_PE                                  307E       1       1       0   .abs_section_307e
     _KBI1_ES                                  307F       1       1       0   .abs_section_307f
     _SCI0_C1                                  3082       1       1       0   .abs_section_3082
     _SCI0_C2                                  3083       1       1       0   .abs_section_3083
     _SCI0_S1                                  3084       1       1       0   .abs_section_3084
     _SCI0_S2                                  3085       1       1       0   .abs_section_3085
     _SCI0_C3                                  3086       1       1       0   .abs_section_3086
     _SCI0_D                                   3087       1       1       0   .abs_section_3087
     _SCI1_C1                                  308A       1       1       0   .abs_section_308a
     _SCI1_C2                                  308B       1       1       0   .abs_section_308b
     _SCI1_S1                                  308C       1       1       0   .abs_section_308c
     _SCI1_S2                                  308D       1       1       0   .abs_section_308d
     _SCI1_C3                                  308E       1       1       0   .abs_section_308e
     _SCI1_D                                   308F       1       1       0   .abs_section_308f
     _SCI2_C1                                  3092       1       1       0   .abs_section_3092
     _SCI2_C2                                  3093       1       1       0   .abs_section_3093
     _SCI2_S1                                  3094       1       1       0   .abs_section_3094
     _SCI2_S2                                  3095       1       1       0   .abs_section_3095
     _SCI2_C3                                  3096       1       1       0   .abs_section_3096
     _SCI2_D                                   3097       1       1       0   .abs_section_3097
     _SPI0_C1                                  3098       1       1       0   .abs_section_3098
     _SPI0_C2                                  3099       1       1       0   .abs_section_3099
     _SPI0_BR                                  309A       1       1       0   .abs_section_309a
     _SPI0_S                                   309B       1       1       0   .abs_section_309b
     _SPI0_D                                   309D       1       1       0   .abs_section_309d
     _SPI0_M                                   309F       1       1       0   .abs_section_309f
     _SPI1_C1                                  30A0       1       1       0   .abs_section_30a0
     _SPI1_C2                                  30A1       1       1       0   .abs_section_30a1
     _SPI1_BR                                  30A2       1       1       0   .abs_section_30a2
     _SPI1_S                                   30A3       1       1       0   .abs_section_30a3
     _SPI1_C3                                  30A8       1       1       0   .abs_section_30a8
     _SPI1_CI                                  30A9       1       1       0   .abs_section_30a9
     _ADC_APCTL1                               30AC       1       1       0   .abs_section_30ac
     _ADC_APCTL2                               30AD       1       1       0   .abs_section_30ad
     _PORT_HDRVE                               30AF       1       1       0   .abs_section_30af
     _PORT_PTAOE                               30B0       1       1       0   .abs_section_30b0
     _PORT_PTBOE                               30B1       1       1       0   .abs_section_30b1
     _PORT_PTCOE                               30B2       1       1       0   .abs_section_30b2
     _PORT_PTDOE                               30B3       1       1       0   .abs_section_30b3
     _PORT_PTEOE                               30B4       1       1       0   .abs_section_30b4
     _PORT_PTFOE                               30B5       1       1       0   .abs_section_30b5
     _PORT_PTGOE                               30B6       1       1       0   .abs_section_30b6
     _PORT_PTHOE                               30B7       1       1       0   .abs_section_30b7
     _PORT_PTAIE                               30B8       1       1       0   .abs_section_30b8
     _PORT_PTBIE                               30B9       1       1       0   .abs_section_30b9
     _PORT_PTCIE                               30BA       1       1       0   .abs_section_30ba
     _PORT_PTDIE                               30BB       1       1       0   .abs_section_30bb
     _PORT_PTEIE                               30BC       1       1       0   .abs_section_30bc
     _PORT_PTFIE                               30BD       1       1       0   .abs_section_30bd
     _PORT_PTGIE                               30BE       1       1       0   .abs_section_30be
     _PORT_PTHIE                               30BF       1       1       0   .abs_section_30bf
     _FTM2_SC                                  30C0       1       1       0   .abs_section_30c0
     _FTM2_C0SC                                30C5       1       1       0   .abs_section_30c5
     _FTM2_C1SC                                30C8       1       1       0   .abs_section_30c8
     _FTM2_C2SC                                30CB       1       1       0   .abs_section_30cb
     _FTM2_C3SC                                30CE       1       1       0   .abs_section_30ce
     _FTM2_C4SC                                30D1       1       1       0   .abs_section_30d1
     _FTM2_C5SC                                30D4       1       1       0   .abs_section_30d4
     _FTM2_STATUS                              30D9       1       1       0   .abs_section_30d9
     _FTM2_MODE                                30DA       1       1       0   .abs_section_30da
     _FTM2_SYNC                                30DB       1       1       0   .abs_section_30db
     _FTM2_OUTINIT                             30DC       1       1       0   .abs_section_30dc
     _FTM2_OUTMASK                             30DD       1       1       0   .abs_section_30dd
     _FTM2_COMBINE0                            30DE       1       1       0   .abs_section_30de
     _FTM2_COMBINE1                            30DF       1       1       0   .abs_section_30df
     _FTM2_COMBINE2                            30E0       1       1       0   .abs_section_30e0
     _FTM2_DEADTIME                            30E2       1       1       0   .abs_section_30e2
     _FTM2_EXTTRIG                             30E3       1       1       0   .abs_section_30e3
     _FTM2_POL                                 30E4       1       1       0   .abs_section_30e4
     _FTM2_FMS                                 30E5       1       1       0   .abs_section_30e5
     _FTM2_FILTER0                             30E6       1       1       0   .abs_section_30e6
     _FTM2_FILTER1                             30E7       1       1       0   .abs_section_30e7
     _FTM2_FLTFILTER                           30E8       1       1       0   .abs_section_30e8
     _FTM2_FLTCTRL                             30E9       1       1       0   .abs_section_30e9
     _PORT_IOFLT0                              30EC       1       1       0   .abs_section_30ec
     _PORT_IOFLT1                              30ED       1       1       0   .abs_section_30ed
     _PORT_IOFLT2                              30EE       1       1       0   .abs_section_30ee
     _PORT_FCLKDIV                             30EF       1       1       0   .abs_section_30ef
     _PORT_PTAPE                               30F0       1       1       0   .abs_section_30f0
     _PORT_PTBPE                               30F1       1       1       0   .abs_section_30f1
     _PORT_PTCPE                               30F2       1       1       0   .abs_section_30f2
     _PORT_PTDPE                               30F3       1       1       0   .abs_section_30f3
     _PORT_PTEPE                               30F4       1       1       0   .abs_section_30f4
     _PORT_PTFPE                               30F5       1       1       0   .abs_section_30f5
     _PORT_PTGPE                               30F6       1       1       0   .abs_section_30f6
     _PORT_PTHPE                               30F7       1       1       0   .abs_section_30f7
     _SYS_UUID1                                30F8       1       1       0   .abs_section_30f8
     _SYS_UUID2                                30F9       1       1       0   .abs_section_30f9
     _SYS_UUID3                                30FA       1       1       0   .abs_section_30fa
     _SYS_UUID4                                30FB       1       1       0   .abs_section_30fb
     _SYS_UUID5                                30FC       1       1       0   .abs_section_30fc
     _SYS_UUID6                                30FD       1       1       0   .abs_section_30fd
     _SYS_UUID7                                30FE       1       1       0   .abs_section_30fe
     _SYS_UUID8                                30FF       1       1       0   .abs_section_30ff
     _TSI_CNT                                     E       2       2       0   .abs_section_e
     _ADC_R                                      14       2       2       0   .abs_section_14
     _ADC_CV                                     16       2       2       0   .abs_section_16
     _FTM0_CNT                                   21       2       2       0   .abs_section_21
     _FTM0_MOD                                   23       2       2       0   .abs_section_23
     _FTM0_C0V                                   26       2       2       0   .abs_section_26
     _FTM0_C1V                                   29       2       2       0   .abs_section_29
     _FTM1_CNT                                   31       2       2       0   .abs_section_31
     _FTM1_MOD                                   33       2       2       0   .abs_section_33
     _FTM1_C0V                                   36       2       2       0   .abs_section_36
     _FTM1_C1V                                   39       2       2       0   .abs_section_39
     _SYS_SDID                                 3002       2       2       0   .abs_section_3002
     _NVM_FCCOB                                302A       2       2       0   .abs_section_302a
     _WDOG_CNT                                 3032       2       2       0   .abs_section_3032
     _WDOG_TOVAL                               3034       2       2       0   .abs_section_3034
     _WDOG_WIN                                 3036       2       2       0   .abs_section_3036
     _CRC_D0D1                                 3060       2       2       0   .abs_section_3060
     _CRC_D2D3                                 3062       2       2       0   .abs_section_3062
     _CRC_P0P1                                 3064       2       2       0   .abs_section_3064
     _CRC_P2P3                                 3066       2       2       0   .abs_section_3066
     _RTC_MOD                                  306C       2       2       0   .abs_section_306c
     _RTC_CNT                                  306E       2       2       0   .abs_section_306e
     _I2C_SLT                                  307A       2       2       0   .abs_section_307a
     _SCI0_BD                                  3080       2       2       0   .abs_section_3080
     _SCI1_BD                                  3088       2       2       0   .abs_section_3088
     _SCI2_BD                                  3090       2       2       0   .abs_section_3090
     _SPI1_D16                                 30A4       2       2       0   .abs_section_30a4
     _SPI1_M                                   30A6       2       2       0   .abs_section_30a6
     _FTM2_CNT                                 30C1       2       2       0   .abs_section_30c1
     _FTM2_MOD                                 30C3       2       2       0   .abs_section_30c3
     _FTM2_C0V                                 30C6       2       2       0   .abs_section_30c6
     _FTM2_C1V                                 30C9       2       2       0   .abs_section_30c9
     _FTM2_C2V                                 30CC       2       2       0   .abs_section_30cc
     _FTM2_C3V                                 30CF       2       2       0   .abs_section_30cf
     _FTM2_C4V                                 30D2       2       2       0   .abs_section_30d2
     _FTM2_C5V                                 30D5       2       2       0   .abs_section_30d5
     _FTM2_CNTIN                               30D7       2       2       0   .abs_section_30d7

*********************************************************************************************
MODULE STATISTIC
  Name                                      Data   Code  Const
---------------------------------------------------------------------------------------------
  main_c.obj                                   0   1053     61
  mc9s08pt60_c.obj                           282      0      0
  other                                        0      0      0

*********************************************************************************************
SECTION USE IN OBJECT-ALLOCATION SECTION
---------------------------------------------------------------------------------------------
SECTION: ".init"
  setErrorCode initFlash doFlashCommand massEraseFlash programRange 
  verifyRange eraseRange blankCheckRange entry asm_entry 
SECTION: ".rodata"
  headerPtr gFlashProgramHeader 
SECTION: ".common"
  stackSpace gFlashData 
SECTION: ".abs_section_0"
  _PORT_PTAD 
SECTION: ".abs_section_1"
  _PORT_PTBD 
SECTION: ".abs_section_2"
  _PORT_PTCD 
SECTION: ".abs_section_3"
  _PORT_PTDD 
SECTION: ".abs_section_4"
  _PORT_PTED 
SECTION: ".abs_section_5"
  _PORT_PTFD 
SECTION: ".abs_section_6"
  _PORT_PTGD 
SECTION: ".abs_section_7"
  _PORT_PTHD 
SECTION: ".abs_section_8"
  _TSI_CS0 
SECTION: ".abs_section_9"
  _TSI_CS1 
SECTION: ".abs_section_a"
  _TSI_CS2 
SECTION: ".abs_section_b"
  _TSI_CS3 
SECTION: ".abs_section_c"
  _TSI_PEN0 
SECTION: ".abs_section_d"
  _TSI_PEN1 
SECTION: ".abs_section_10"
  _ADC_SC1 
SECTION: ".abs_section_11"
  _ADC_SC2 
SECTION: ".abs_section_12"
  _ADC_SC3 
SECTION: ".abs_section_13"
  _ADC_SC4 
SECTION: ".abs_section_18"
  _MTIM0_SC 
SECTION: ".abs_section_19"
  _MTIM0_CLK 
SECTION: ".abs_section_1a"
  _MTIM0_CNT 
SECTION: ".abs_section_1b"
  _MTIM0_MOD 
SECTION: ".abs_section_1c"
  _MTIM1_SC 
SECTION: ".abs_section_1d"
  _MTIM1_CLK 
SECTION: ".abs_section_1e"
  _MTIM1_CNT 
SECTION: ".abs_section_1f"
  _MTIM1_MOD 
SECTION: ".abs_section_20"
  _FTM0_SC 
SECTION: ".abs_section_25"
  _FTM0_C0SC 
SECTION: ".abs_section_28"
  _FTM0_C1SC 
SECTION: ".abs_section_2c"
  _ACMP_CS 
SECTION: ".abs_section_2d"
  _ACMP_C0 
SECTION: ".abs_section_2e"
  _ACMP_C1 
SECTION: ".abs_section_2f"
  _ACMP_C2 
SECTION: ".abs_section_30"
  _FTM1_SC 
SECTION: ".abs_section_35"
  _FTM1_C0SC 
SECTION: ".abs_section_38"
  _FTM1_C1SC 
SECTION: ".abs_section_3b"
  _IRQ_SC 
SECTION: ".abs_section_3c"
  _KBI0_SC 
SECTION: ".abs_section_3d"
  _KBI1_SC 
SECTION: ".abs_section_3e"
  _IPC_SC 
SECTION: ".abs_section_3f"
  _IPC_IPMPS 
SECTION: ".abs_section_3000"
  _SYS_SRS 
SECTION: ".abs_section_3001"
  _SYS_SBDFR 
SECTION: ".abs_section_3004"
  _SYS_SOPT1 
SECTION: ".abs_section_3005"
  _SYS_SOPT2 
SECTION: ".abs_section_3006"
  _SYS_SOPT3 
SECTION: ".abs_section_3007"
  _SYS_SOPT4 
SECTION: ".abs_section_300c"
  _SCG_C1 
SECTION: ".abs_section_300d"
  _SCG_C2 
SECTION: ".abs_section_300e"
  _SCG_C3 
SECTION: ".abs_section_300f"
  _SCG_C4 
SECTION: ".abs_section_3010"
  _DBG_CAH 
SECTION: ".abs_section_3011"
  _DBG_CAL 
SECTION: ".abs_section_3012"
  _DBG_CBH 
SECTION: ".abs_section_3013"
  _DBG_CBL 
SECTION: ".abs_section_3014"
  _DBG_CCH 
SECTION: ".abs_section_3015"
  _DBG_CCL 
SECTION: ".abs_section_3016"
  _DBG_FH 
SECTION: ".abs_section_3017"
  _DBG_FL 
SECTION: ".abs_section_3018"
  _DBG_CAX 
SECTION: ".abs_section_3019"
  _DBG_CBX 
SECTION: ".abs_section_301a"
  _DBG_CCX 
SECTION: ".abs_section_301b"
  _DBG_FX 
SECTION: ".abs_section_301c"
  _DBG_C 
SECTION: ".abs_section_301d"
  _DBG_T 
SECTION: ".abs_section_301e"
  _DBG_S 
SECTION: ".abs_section_301f"
  _DBG_CNT 
SECTION: ".abs_section_3020"
  _NVM_FCLKDIV 
SECTION: ".abs_section_3021"
  _NVM_FSEC 
SECTION: ".abs_section_3022"
  _NVM_FCCOBIX 
SECTION: ".abs_section_3024"
  _NVM_FCNFG 
SECTION: ".abs_section_3025"
  _NVM_FERCNFG 
SECTION: ".abs_section_3026"
  _NVM_FSTAT 
SECTION: ".abs_section_3027"
  _NVM_FERSTAT 
SECTION: ".abs_section_3028"
  _NVM_FPROT 
SECTION: ".abs_section_3029"
  _NVM_EEPROT 
SECTION: ".abs_section_302c"
  _NVM_FOPT 
SECTION: ".abs_section_3030"
  _WDOG_CS1 
SECTION: ".abs_section_3031"
  _WDOG_CS2 
SECTION: ".abs_section_3038"
  _ICS_C1 
SECTION: ".abs_section_3039"
  _ICS_C2 
SECTION: ".abs_section_303a"
  _ICS_C3 
SECTION: ".abs_section_303b"
  _ICS_C4 
SECTION: ".abs_section_303c"
  _ICS_S 
SECTION: ".abs_section_303e"
  _ICS_OSCSC 
SECTION: ".abs_section_3040"
  _PMC_SPMSC1 
SECTION: ".abs_section_3041"
  _PMC_SPMSC2 
SECTION: ".abs_section_304a"
  _SYS_ILLAH 
SECTION: ".abs_section_304b"
  _SYS_ILLAL 
SECTION: ".abs_section_3050"
  _IPC_ILRS0 
SECTION: ".abs_section_3051"
  _IPC_ILRS1 
SECTION: ".abs_section_3052"
  _IPC_ILRS2 
SECTION: ".abs_section_3053"
  _IPC_ILRS3 
SECTION: ".abs_section_3054"
  _IPC_ILRS4 
SECTION: ".abs_section_3055"
  _IPC_ILRS5 
SECTION: ".abs_section_3056"
  _IPC_ILRS6 
SECTION: ".abs_section_3057"
  _IPC_ILRS7 
SECTION: ".abs_section_3058"
  _IPC_ILRS8 
SECTION: ".abs_section_3059"
  _IPC_ILRS9 
SECTION: ".abs_section_3068"
  _CRC_CTRL 
SECTION: ".abs_section_306a"
  _RTC_SC1 
SECTION: ".abs_section_306b"
  _RTC_SC2 
SECTION: ".abs_section_3070"
  _I2C_A1 
SECTION: ".abs_section_3071"
  _I2C_F 
SECTION: ".abs_section_3072"
  _I2C_C1 
SECTION: ".abs_section_3073"
  _I2C_S 
SECTION: ".abs_section_3074"
  _I2C_D 
SECTION: ".abs_section_3075"
  _I2C_C2 
SECTION: ".abs_section_3076"
  _I2C_FLT 
SECTION: ".abs_section_3077"
  _I2C_RA 
SECTION: ".abs_section_3078"
  _I2C_SMB 
SECTION: ".abs_section_3079"
  _I2C_A2 
SECTION: ".abs_section_307c"
  _KBI0_PE 
SECTION: ".abs_section_307d"
  _KBI0_ES 
SECTION: ".abs_section_307e"
  _KBI1_PE 
SECTION: ".abs_section_307f"
  _KBI1_ES 
SECTION: ".abs_section_3082"
  _SCI0_C1 
SECTION: ".abs_section_3083"
  _SCI0_C2 
SECTION: ".abs_section_3084"
  _SCI0_S1 
SECTION: ".abs_section_3085"
  _SCI0_S2 
SECTION: ".abs_section_3086"
  _SCI0_C3 
SECTION: ".abs_section_3087"
  _SCI0_D 
SECTION: ".abs_section_308a"
  _SCI1_C1 
SECTION: ".abs_section_308b"
  _SCI1_C2 
SECTION: ".abs_section_308c"
  _SCI1_S1 
SECTION: ".abs_section_308d"
  _SCI1_S2 
SECTION: ".abs_section_308e"
  _SCI1_C3 
SECTION: ".abs_section_308f"
  _SCI1_D 
SECTION: ".abs_section_3092"
  _SCI2_C1 
SECTION: ".abs_section_3093"
  _SCI2_C2 
SECTION: ".abs_section_3094"
  _SCI2_S1 
SECTION: ".abs_section_3095"
  _SCI2_S2 
SECTION: ".abs_section_3096"
  _SCI2_C3 
SECTION: ".abs_section_3097"
  _SCI2_D 
SECTION: ".abs_section_3098"
  _SPI0_C1 
SECTION: ".abs_section_3099"
  _SPI0_C2 
SECTION: ".abs_section_309a"
  _SPI0_BR 
SECTION: ".abs_section_309b"
  _SPI0_S 
SECTION: ".abs_section_309d"
  _SPI0_D 
SECTION: ".abs_section_309f"
  _SPI0_M 
SECTION: ".abs_section_30a0"
  _SPI1_C1 
SECTION: ".abs_section_30a1"
  _SPI1_C2 
SECTION: ".abs_section_30a2"
  _SPI1_BR 
SECTION: ".abs_section_30a3"
  _SPI1_S 
SECTION: ".abs_section_30a8"
  _SPI1_C3 
SECTION: ".abs_section_30a9"
  _SPI1_CI 
SECTION: ".abs_section_30ac"
  _ADC_APCTL1 
SECTION: ".abs_section_30ad"
  _ADC_APCTL2 
SECTION: ".abs_section_30af"
  _PORT_HDRVE 
SECTION: ".abs_section_30b0"
  _PORT_PTAOE 
SECTION: ".abs_section_30b1"
  _PORT_PTBOE 
SECTION: ".abs_section_30b2"
  _PORT_PTCOE 
SECTION: ".abs_section_30b3"
  _PORT_PTDOE 
SECTION: ".abs_section_30b4"
  _PORT_PTEOE 
SECTION: ".abs_section_30b5"
  _PORT_PTFOE 
SECTION: ".abs_section_30b6"
  _PORT_PTGOE 
SECTION: ".abs_section_30b7"
  _PORT_PTHOE 
SECTION: ".abs_section_30b8"
  _PORT_PTAIE 
SECTION: ".abs_section_30b9"
  _PORT_PTBIE 
SECTION: ".abs_section_30ba"
  _PORT_PTCIE 
SECTION: ".abs_section_30bb"
  _PORT_PTDIE 
SECTION: ".abs_section_30bc"
  _PORT_PTEIE 
SECTION: ".abs_section_30bd"
  _PORT_PTFIE 
SECTION: ".abs_section_30be"
  _PORT_PTGIE 
SECTION: ".abs_section_30bf"
  _PORT_PTHIE 
SECTION: ".abs_section_30c0"
  _FTM2_SC 
SECTION: ".abs_section_30c5"
  _FTM2_C0SC 
SECTION: ".abs_section_30c8"
  _FTM2_C1SC 
SECTION: ".abs_section_30cb"
  _FTM2_C2SC 
SECTION: ".abs_section_30ce"
  _FTM2_C3SC 
SECTION: ".abs_section_30d1"
  _FTM2_C4SC 
SECTION: ".abs_section_30d4"
  _FTM2_C5SC 
SECTION: ".abs_section_30d9"
  _FTM2_STATUS 
SECTION: ".abs_section_30da"
  _FTM2_MODE 
SECTION: ".abs_section_30db"
  _FTM2_SYNC 
SECTION: ".abs_section_30dc"
  _FTM2_OUTINIT 
SECTION: ".abs_section_30dd"
  _FTM2_OUTMASK 
SECTION: ".abs_section_30de"
  _FTM2_COMBINE0 
SECTION: ".abs_section_30df"
  _FTM2_COMBINE1 
SECTION: ".abs_section_30e0"
  _FTM2_COMBINE2 
SECTION: ".abs_section_30e2"
  _FTM2_DEADTIME 
SECTION: ".abs_section_30e3"
  _FTM2_EXTTRIG 
SECTION: ".abs_section_30e4"
  _FTM2_POL 
SECTION: ".abs_section_30e5"
  _FTM2_FMS 
SECTION: ".abs_section_30e6"
  _FTM2_FILTER0 
SECTION: ".abs_section_30e7"
  _FTM2_FILTER1 
SECTION: ".abs_section_30e8"
  _FTM2_FLTFILTER 
SECTION: ".abs_section_30e9"
  _FTM2_FLTCTRL 
SECTION: ".abs_section_30ec"
  _PORT_IOFLT0 
SECTION: ".abs_section_30ed"
  _PORT_IOFLT1 
SECTION: ".abs_section_30ee"
  _PORT_IOFLT2 
SECTION: ".abs_section_30ef"
  _PORT_FCLKDIV 
SECTION: ".abs_section_30f0"
  _PORT_PTAPE 
SECTION: ".abs_section_30f1"
  _PORT_PTBPE 
SECTION: ".abs_section_30f2"
  _PORT_PTCPE 
SECTION: ".abs_section_30f3"
  _PORT_PTDPE 
SECTION: ".abs_section_30f4"
  _PORT_PTEPE 
SECTION: ".abs_section_30f5"
  _PORT_PTFPE 
SECTION: ".abs_section_30f6"
  _PORT_PTGPE 
SECTION: ".abs_section_30f7"
  _PORT_PTHPE 
SECTION: ".abs_section_30f8"
  _SYS_UUID1 
SECTION: ".abs_section_30f9"
  _SYS_UUID2 
SECTION: ".abs_section_30fa"
  _SYS_UUID3 
SECTION: ".abs_section_30fb"
  _SYS_UUID4 
SECTION: ".abs_section_30fc"
  _SYS_UUID5 
SECTION: ".abs_section_30fd"
  _SYS_UUID6 
SECTION: ".abs_section_30fe"
  _SYS_UUID7 
SECTION: ".abs_section_30ff"
  _SYS_UUID8 
SECTION: ".abs_section_e"
  _TSI_CNT 
SECTION: ".abs_section_14"
  _ADC_R 
SECTION: ".abs_section_16"
  _ADC_CV 
SECTION: ".abs_section_21"
  _FTM0_CNT 
SECTION: ".abs_section_23"
  _FTM0_MOD 
SECTION: ".abs_section_26"
  _FTM0_C0V 
SECTION: ".abs_section_29"
  _FTM0_C1V 
SECTION: ".abs_section_31"
  _FTM1_CNT 
SECTION: ".abs_section_33"
  _FTM1_MOD 
SECTION: ".abs_section_36"
  _FTM1_C0V 
SECTION: ".abs_section_39"
  _FTM1_C1V 
SECTION: ".abs_section_3002"
  _SYS_SDID 
SECTION: ".abs_section_302a"
  _NVM_FCCOB 
SECTION: ".abs_section_3032"
  _WDOG_CNT 
SECTION: ".abs_section_3034"
  _WDOG_TOVAL 
SECTION: ".abs_section_3036"
  _WDOG_WIN 
SECTION: ".abs_section_3060"
  _CRC_D0D1 
SECTION: ".abs_section_3062"
  _CRC_D2D3 
SECTION: ".abs_section_3064"
  _CRC_P0P1 
SECTION: ".abs_section_3066"
  _CRC_P2P3 
SECTION: ".abs_section_306c"
  _RTC_MOD 
SECTION: ".abs_section_306e"
  _RTC_CNT 
SECTION: ".abs_section_307a"
  _I2C_SLT 
SECTION: ".abs_section_3080"
  _SCI0_BD 
SECTION: ".abs_section_3088"
  _SCI1_BD 
SECTION: ".abs_section_3090"
  _SCI2_BD 
SECTION: ".abs_section_30a4"
  _SPI1_D16 
SECTION: ".abs_section_30a6"
  _SPI1_M 
SECTION: ".abs_section_30c1"
  _FTM2_CNT 
SECTION: ".abs_section_30c3"
  _FTM2_MOD 
SECTION: ".abs_section_30c6"
  _FTM2_C0V 
SECTION: ".abs_section_30c9"
  _FTM2_C1V 
SECTION: ".abs_section_30cc"
  _FTM2_C2V 
SECTION: ".abs_section_30cf"
  _FTM2_C3V 
SECTION: ".abs_section_30d2"
  _FTM2_C4V 
SECTION: ".abs_section_30d5"
  _FTM2_C5V 
SECTION: ".abs_section_30d7"
  _FTM2_CNTIN 

*********************************************************************************************
OBJECT LIST SORTED BY ADDRESS
     Name                                      Addr   hSize   dSize     Ref    Section   RLIB
---------------------------------------------------------------------------------------------
     _PORT_PTAD                                   0       1       1       0   .abs_section_0
     _PORT_PTBD                                   1       1       1       0   .abs_section_1
     _PORT_PTCD                                   2       1       1       0   .abs_section_2
     _PORT_PTDD                                   3       1       1       0   .abs_section_3
     _PORT_PTED                                   4       1       1       0   .abs_section_4
     _PORT_PTFD                                   5       1       1       0   .abs_section_5
     _PORT_PTGD                                   6       1       1       0   .abs_section_6
     _PORT_PTHD                                   7       1       1       0   .abs_section_7
     _TSI_CS0                                     8       1       1       0   .abs_section_8
     _TSI_CS1                                     9       1       1       0   .abs_section_9
     _TSI_CS2                                     A       1       1       0   .abs_section_a
     _TSI_CS3                                     B       1       1       0   .abs_section_b
     _TSI_PEN0                                    C       1       1       0   .abs_section_c
     _TSI_PEN1                                    D       1       1       0   .abs_section_d
     _TSI_CNT                                     E       2       2       0   .abs_section_e
     _ADC_SC1                                    10       1       1       0   .abs_section_10
     _ADC_SC2                                    11       1       1       0   .abs_section_11
     _ADC_SC3                                    12       1       1       0   .abs_section_12
     _ADC_SC4                                    13       1       1       0   .abs_section_13
     _ADC_R                                      14       2       2       0   .abs_section_14
     _ADC_CV                                     16       2       2       0   .abs_section_16
     _MTIM0_SC                                   18       1       1       0   .abs_section_18
     _MTIM0_CLK                                  19       1       1       0   .abs_section_19
     _MTIM0_CNT                                  1A       1       1       0   .abs_section_1a
     _MTIM0_MOD                                  1B       1       1       0   .abs_section_1b
     _MTIM1_SC                                   1C       1       1       0   .abs_section_1c
     _MTIM1_CLK                                  1D       1       1       0   .abs_section_1d
     _MTIM1_CNT                                  1E       1       1       0   .abs_section_1e
     _MTIM1_MOD                                  1F       1       1       0   .abs_section_1f
     _FTM0_SC                                    20       1       1       0   .abs_section_20
     _FTM0_CNT                                   21       2       2       0   .abs_section_21
     _FTM0_MOD                                   23       2       2       0   .abs_section_23
     _FTM0_C0SC                                  25       1       1       0   .abs_section_25
     _FTM0_C0V                                   26       2       2       0   .abs_section_26
     _FTM0_C1SC                                  28       1       1       0   .abs_section_28
     _FTM0_C1V                                   29       2       2       0   .abs_section_29
     _ACMP_CS                                    2C       1       1       0   .abs_section_2c
     _ACMP_C0                                    2D       1       1       0   .abs_section_2d
     _ACMP_C1                                    2E       1       1       0   .abs_section_2e
     _ACMP_C2                                    2F       1       1       0   .abs_section_2f
     _FTM1_SC                                    30       1       1       0   .abs_section_30
     _FTM1_CNT                                   31       2       2       0   .abs_section_31
     _FTM1_MOD                                   33       2       2       0   .abs_section_33
     _FTM1_C0SC                                  35       1       1       0   .abs_section_35
     _FTM1_C0V                                   36       2       2       0   .abs_section_36
     _FTM1_C1SC                                  38       1       1       0   .abs_section_38
     _FTM1_C1V                                   39       2       2       0   .abs_section_39
     _IRQ_SC                                     3B       1       1       0   .abs_section_3b
     _KBI0_SC                                    3C       1       1       0   .abs_section_3c
     _KBI1_SC                                    3D       1       1       0   .abs_section_3d
     _IPC_SC                                     3E       1       1       0   .abs_section_3e
     _IPC_IPMPS                                  3F       1       1       0   .abs_section_3f
     headerPtr                                   40       2       2       1   .rodata     
     gFlashProgramHeader                         42       C      12       1   .rodata     
     setErrorCode                                4E       E      14       7   .init       
     initFlash                                   5C      22      34       1   .init       
     doFlashCommand                              7E      2C      44       4   .init       
     massEraseFlash                              AA      59      89       1   .init       
     programRange                               103     1F5     501       8   .init       
     verifyRange                                2F8      55      85       1   .init       
     eraseRange                                 34D      C3     195       2   .init       
     blankCheckRange                            410      3F      63       1   .init       
     entry                                      44F      15      21       1   .init       
     asm_entry                                  464       7       7       1   .init       
     stackSpace                                 46B      1B      27       1   .common     
     gFlashData                                 486      14      20      38   .common     
     _SYS_SRS                                  3000       1       1       0   .abs_section_3000
     _SYS_SBDFR                                3001       1       1       0   .abs_section_3001
     _SYS_SDID                                 3002       2       2       0   .abs_section_3002
     _SYS_SOPT1                                3004       1       1       0   .abs_section_3004
     _SYS_SOPT2                                3005       1       1       0   .abs_section_3005
     _SYS_SOPT3                                3006       1       1       0   .abs_section_3006
     _SYS_SOPT4                                3007       1       1       0   .abs_section_3007
     _SCG_C1                                   300C       1       1       0   .abs_section_300c
     _SCG_C2                                   300D       1       1       0   .abs_section_300d
     _SCG_C3                                   300E       1       1       0   .abs_section_300e
     _SCG_C4                                   300F       1       1       0   .abs_section_300f
     _DBG_CAH                                  3010       1       1       0   .abs_section_3010
     _DBG_CAL                                  3011       1       1       0   .abs_section_3011
     _DBG_CBH                                  3012       1       1       0   .abs_section_3012
     _DBG_CBL                                  3013       1       1       0   .abs_section_3013
     _DBG_CCH                                  3014       1       1       0   .abs_section_3014
     _DBG_CCL                                  3015       1       1       0   .abs_section_3015
     _DBG_FH                                   3016       1       1       0   .abs_section_3016
     _DBG_FL                                   3017       1       1       0   .abs_section_3017
     _DBG_CAX                                  3018       1       1       0   .abs_section_3018
     _DBG_CBX                                  3019       1       1       0   .abs_section_3019
     _DBG_CCX                                  301A       1       1       0   .abs_section_301a
     _DBG_FX                                   301B       1       1       0   .abs_section_301b
     _DBG_C                                    301C       1       1       0   .abs_section_301c
     _DBG_T                                    301D       1       1       0   .abs_section_301d
     _DBG_S                                    301E       1       1       0   .abs_section_301e
     _DBG_CNT                                  301F       1       1       0   .abs_section_301f
     _NVM_FCLKDIV                              3020       1       1       0   .abs_section_3020
     _NVM_FSEC                                 3021       1       1       0   .abs_section_3021
     _NVM_FCCOBIX                              3022       1       1       0   .abs_section_3022
     _NVM_FCNFG                                3024       1       1       0   .abs_section_3024
     _NVM_FERCNFG                              3025       1       1       0   .abs_section_3025
     _NVM_FSTAT                                3026       1       1       0   .abs_section_3026
     _NVM_FERSTAT                              3027       1       1       0   .abs_section_3027
     _NVM_FPROT                                3028       1       1       0   .abs_section_3028
     _NVM_EEPROT                               3029       1       1       0   .abs_section_3029
     _NVM_FCCOB                                302A       2       2       0   .abs_section_302a
     _NVM_FOPT                                 302C       1       1       0   .abs_section_302c
     _WDOG_CS1                                 3030       1       1       0   .abs_section_3030
     _WDOG_CS2                                 3031       1       1       0   .abs_section_3031
     _WDOG_CNT                                 3032       2       2       0   .abs_section_3032
     _WDOG_TOVAL                               3034       2       2       0   .abs_section_3034
     _WDOG_WIN                                 3036       2       2       0   .abs_section_3036
     _ICS_C1                                   3038       1       1       0   .abs_section_3038
     _ICS_C2                                   3039       1       1       0   .abs_section_3039
     _ICS_C3                                   303A       1       1       0   .abs_section_303a
     _ICS_C4                                   303B       1       1       0   .abs_section_303b
     _ICS_S                                    303C       1       1       0   .abs_section_303c
     _ICS_OSCSC                                303E       1       1       0   .abs_section_303e
     _PMC_SPMSC1                               3040       1       1       0   .abs_section_3040
     _PMC_SPMSC2                               3041       1       1       0   .abs_section_3041
     _SYS_ILLAH                                304A       1       1       0   .abs_section_304a
     _SYS_ILLAL                                304B       1       1       0   .abs_section_304b
     _IPC_ILRS0                                3050       1       1       0   .abs_section_3050
     _IPC_ILRS1                                3051       1       1       0   .abs_section_3051
     _IPC_ILRS2                                3052       1       1       0   .abs_section_3052
     _IPC_ILRS3                                3053       1       1       0   .abs_section_3053
     _IPC_ILRS4                                3054       1       1       0   .abs_section_3054
     _IPC_ILRS5                                3055       1       1       0   .abs_section_3055
     _IPC_ILRS6                                3056       1       1       0   .abs_section_3056
     _IPC_ILRS7                                3057       1       1       0   .abs_section_3057
     _IPC_ILRS8                                3058       1       1       0   .abs_section_3058
     _IPC_ILRS9                                3059       1       1       0   .abs_section_3059
     _CRC_D0D1                                 3060       2       2       0   .abs_section_3060
     _CRC_D2D3                                 3062       2       2       0   .abs_section_3062
     _CRC_P0P1                                 3064       2       2       0   .abs_section_3064
     _CRC_P2P3                                 3066       2       2       0   .abs_section_3066
     _CRC_CTRL                                 3068       1       1       0   .abs_section_3068
     _RTC_SC1                                  306A       1       1       0   .abs_section_306a
     _RTC_SC2                                  306B       1       1       0   .abs_section_306b
     _RTC_MOD                                  306C       2       2       0   .abs_section_306c
     _RTC_CNT                                  306E       2       2       0   .abs_section_306e
     _I2C_A1                                   3070       1       1       0   .abs_section_3070
     _I2C_F                                    3071       1       1       0   .abs_section_3071
     _I2C_C1                                   3072       1       1       0   .abs_section_3072
     _I2C_S                                    3073       1       1       0   .abs_section_3073
     _I2C_D                                    3074       1       1       0   .abs_section_3074
     _I2C_C2                                   3075       1       1       0   .abs_section_3075
     _I2C_FLT                                  3076       1       1       0   .abs_section_3076
     _I2C_RA                                   3077       1       1       0   .abs_section_3077
     _I2C_SMB                                  3078       1       1       0   .abs_section_3078
     _I2C_A2                                   3079       1       1       0   .abs_section_3079
     _I2C_SLT                                  307A       2       2       0   .abs_section_307a
     _KBI0_PE                                  307C       1       1       0   .abs_section_307c
     _KBI0_ES                                  307D       1       1       0   .abs_section_307d
     _KBI1_PE                                  307E       1       1       0   .abs_section_307e
     _KBI1_ES                                  307F       1       1       0   .abs_section_307f
     _SCI0_BD                                  3080       2       2       0   .abs_section_3080
     _SCI0_C1                                  3082       1       1       0   .abs_section_3082
     _SCI0_C2                                  3083       1       1       0   .abs_section_3083
     _SCI0_S1                                  3084       1       1       0   .abs_section_3084
     _SCI0_S2                                  3085       1       1       0   .abs_section_3085
     _SCI0_C3                                  3086       1       1       0   .abs_section_3086
     _SCI0_D                                   3087       1       1       0   .abs_section_3087
     _SCI1_BD                                  3088       2       2       0   .abs_section_3088
     _SCI1_C1                                  308A       1       1       0   .abs_section_308a
     _SCI1_C2                                  308B       1       1       0   .abs_section_308b
     _SCI1_S1                                  308C       1       1       0   .abs_section_308c
     _SCI1_S2                                  308D       1       1       0   .abs_section_308d
     _SCI1_C3                                  308E       1       1       0   .abs_section_308e
     _SCI1_D                                   308F       1       1       0   .abs_section_308f
     _SCI2_BD                                  3090       2       2       0   .abs_section_3090
     _SCI2_C1                                  3092       1       1       0   .abs_section_3092
     _SCI2_C2                                  3093       1       1       0   .abs_section_3093
     _SCI2_S1                                  3094       1       1       0   .abs_section_3094
     _SCI2_S2                                  3095       1       1       0   .abs_section_3095
     _SCI2_C3                                  3096       1       1       0   .abs_section_3096
     _SCI2_D                                   3097       1       1       0   .abs_section_3097
     _SPI0_C1                                  3098       1       1       0   .abs_section_3098
     _SPI0_C2                                  3099       1       1       0   .abs_section_3099
     _SPI0_BR                                  309A       1       1       0   .abs_section_309a
     _SPI0_S                                   309B       1       1       0   .abs_section_309b
     _SPI0_D                                   309D       1       1       0   .abs_section_309d
     _SPI0_M                                   309F       1       1       0   .abs_section_309f
     _SPI1_C1                                  30A0       1       1       0   .abs_section_30a0
     _SPI1_C2                                  30A1       1       1       0   .abs_section_30a1
     _SPI1_BR                                  30A2       1       1       0   .abs_section_30a2
     _SPI1_S                                   30A3       1       1       0   .abs_section_30a3
     _SPI1_D16                                 30A4       2       2       0   .abs_section_30a4
     _SPI1_M                                   30A6       2       2       0   .abs_section_30a6
     _SPI1_C3                                  30A8       1       1       0   .abs_section_30a8
     _SPI1_CI                                  30A9       1       1       0   .abs_section_30a9
     _ADC_APCTL1                               30AC       1       1       0   .abs_section_30ac
     _ADC_APCTL2                               30AD       1       1       0   .abs_section_30ad
     _PORT_HDRVE                               30AF       1       1       0   .abs_section_30af
     _PORT_PTAOE                               30B0       1       1       0   .abs_section_30b0
     _PORT_PTBOE                               30B1       1       1       0   .abs_section_30b1
     _PORT_PTCOE                               30B2       1       1       0   .abs_section_30b2
     _PORT_PTDOE                               30B3       1       1       0   .abs_section_30b3
     _PORT_PTEOE                               30B4       1       1       0   .abs_section_30b4
     _PORT_PTFOE                               30B5       1       1       0   .abs_section_30b5
     _PORT_PTGOE                               30B6       1       1       0   .abs_section_30b6
     _PORT_PTHOE                               30B7       1       1       0   .abs_section_30b7
     _PORT_PTAIE                               30B8       1       1       0   .abs_section_30b8
     _PORT_PTBIE                               30B9       1       1       0   .abs_section_30b9
     _PORT_PTCIE                               30BA       1       1       0   .abs_section_30ba
     _PORT_PTDIE                               30BB       1       1       0   .abs_section_30bb
     _PORT_PTEIE                               30BC       1       1       0   .abs_section_30bc
     _PORT_PTFIE                               30BD       1       1       0   .abs_section_30bd
     _PORT_PTGIE                               30BE       1       1       0   .abs_section_30be
     _PORT_PTHIE                               30BF       1       1       0   .abs_section_30bf
     _FTM2_SC                                  30C0       1       1       0   .abs_section_30c0
     _FTM2_CNT                                 30C1       2       2       0   .abs_section_30c1
     _FTM2_MOD                                 30C3       2       2       0   .abs_section_30c3
     _FTM2_C0SC                                30C5       1       1       0   .abs_section_30c5
     _FTM2_C0V                                 30C6       2       2       0   .abs_section_30c6
     _FTM2_C1SC                                30C8       1       1       0   .abs_section_30c8
     _FTM2_C1V                                 30C9       2       2       0   .abs_section_30c9
     _FTM2_C2SC                                30CB       1       1       0   .abs_section_30cb
     _FTM2_C2V                                 30CC       2       2       0   .abs_section_30cc
     _FTM2_C3SC                                30CE       1       1       0   .abs_section_30ce
     _FTM2_C3V                                 30CF       2       2       0   .abs_section_30cf
     _FTM2_C4SC                                30D1       1       1       0   .abs_section_30d1
     _FTM2_C4V                                 30D2       2       2       0   .abs_section_30d2
     _FTM2_C5SC                                30D4       1       1       0   .abs_section_30d4
     _FTM2_C5V                                 30D5       2       2       0   .abs_section_30d5
     _FTM2_CNTIN                               30D7       2       2       0   .abs_section_30d7
     _FTM2_STATUS                              30D9       1       1       0   .abs_section_30d9
     _FTM2_MODE                                30DA       1       1       0   .abs_section_30da
     _FTM2_SYNC                                30DB       1       1       0   .abs_section_30db
     _FTM2_OUTINIT                             30DC       1       1       0   .abs_section_30dc
     _FTM2_OUTMASK                             30DD       1       1       0   .abs_section_30dd
     _FTM2_COMBINE0                            30DE       1       1       0   .abs_section_30de
     _FTM2_COMBINE1                            30DF       1       1       0   .abs_section_30df
     _FTM2_COMBINE2                            30E0       1       1       0   .abs_section_30e0
     _FTM2_DEADTIME                            30E2       1       1       0   .abs_section_30e2
     _FTM2_EXTTRIG                             30E3       1       1       0   .abs_section_30e3
     _FTM2_POL                                 30E4       1       1       0   .abs_section_30e4
     _FTM2_FMS                                 30E5       1       1       0   .abs_section_30e5
     _FTM2_FILTER0                             30E6       1       1       0   .abs_section_30e6
     _FTM2_FILTER1                             30E7       1       1       0   .abs_section_30e7
     _FTM2_FLTFILTER                           30E8       1       1       0   .abs_section_30e8
     _FTM2_FLTCTRL                             30E9       1       1       0   .abs_section_30e9
     _PORT_IOFLT0                              30EC       1       1       0   .abs_section_30ec
     _PORT_IOFLT1                              30ED       1       1       0   .abs_section_30ed
     _PORT_IOFLT2                              30EE       1       1       0   .abs_section_30ee
     _PORT_FCLKDIV                             30EF       1       1       0   .abs_section_30ef
     _PORT_PTAPE                               30F0       1       1       0   .abs_section_30f0
     _PORT_PTBPE                               30F1       1       1       0   .abs_section_30f1
     _PORT_PTCPE                               30F2       1       1       0   .abs_section_30f2
     _PORT_PTDPE                               30F3       1       1       0   .abs_section_30f3
     _PORT_PTEPE                               30F4       1       1       0   .abs_section_30f4
     _PORT_PTFPE                               30F5       1       1       0   .abs_section_30f5
     _PORT_PTGPE                               30F6       1       1       0   .abs_section_30f6
     _PORT_PTHPE                               30F7       1       1       0   .abs_section_30f7
     _SYS_UUID1                                30F8       1       1       0   .abs_section_30f8
     _SYS_UUID2                                30F9       1       1       0   .abs_section_30f9
     _SYS_UUID3                                30FA       1       1       0   .abs_section_30fa
     _SYS_UUID4                                30FB       1       1       0   .abs_section_30fb
     _SYS_UUID5                                30FC       1       1       0   .abs_section_30fc
     _SYS_UUID6                                30FD       1       1       0   .abs_section_30fd
     _SYS_UUID7                                30FE       1       1       0   .abs_section_30fe
     _SYS_UUID8                                30FF       1       1       0   .abs_section_30ff

*********************************************************************************************
UNUSED-OBJECTS SECTION
---------------------------------------------------------------------------------------------

*********************************************************************************************
COPYDOWN SECTION
---------------------------------------------------------------------------------------------

*********************************************************************************************
OBJECT-DEPENDENCIES SECTION
---------------------------------------------------------------------------------------------
headerPtr                 USES gFlashProgramHeader 
gFlashProgramHeader       USES headerPtr asm_entry gFlashData 
setErrorCode              USES gFlashData 
initFlash                 USES gFlashData 
doFlashCommand            USES gFlashData setErrorCode 
massEraseFlash            USES gFlashData doFlashCommand 
programRange              USES gFlashData programRange setErrorCode 
                                doFlashCommand 
verifyRange               USES gFlashData setErrorCode 
eraseRange                USES gFlashData eraseRange doFlashCommand 
blankCheckRange           USES gFlashData setErrorCode 
entry                     USES initFlash massEraseFlash eraseRange 
                                blankCheckRange programRange verifyRange setErrorCode 
asm_entry                 USES stackSpace entry 

*********************************************************************************************
DEPENDENCY TREE
*********************************************************************************************
 entry               
 | 
 +- initFlash           
 |    
 +- massEraseFlash      
 |  | 
 |  +- doFlashCommand      
 |     | 
 |     +- setErrorCode        
 |          
 +- eraseRange          
 |  | 
 |  +- doFlashCommand       (see above)
 |     
 +- blankCheckRange     
 |  | 
 |  +- setErrorCode         (see above)
 |     
 +- programRange        
 |  | 
 |  +- setErrorCode         (see above)
 |  |  
 |  +- doFlashCommand       (see above)
 |     
 +- verifyRange         
 |  | 
 |  +- setErrorCode         (see above)
 |     
 +- setErrorCode         (see above)
    
 headerPtr           
 | 
 +- gFlashProgramHeader 
    | 
    +* headerPtr            (see above)
    |  
    +- asm_entry           
       | 
       +* entry                (see above)
          
*********************************************************************************************
STATISTIC SECTION
---------------------------------------------------------------------------------------------

ExeFile:
--------
Number of blocks to be downloaded: 3
Total size of all blocks to be downloaded: 1114

