*** EVALUATION ***
PROGRAM "HCS08-default-0xB0-flash-program.abs"

*********************************************************************************************
TARGET SECTION
---------------------------------------------------------------------------------------------
Processor   : Freescale HC08
Memory Model: SMALL
File Format : ELF\DWARF 2.0
Linker      : SmartLinker V-5.0.48 Build 11346, Dec 13 2011

*********************************************************************************************
FILE SECTION
---------------------------------------------------------------------------------------------
main_asm.obj                            Model: SMALL,         Lang: Assembler

*********************************************************************************************
STARTUP SECTION
---------------------------------------------------------------------------------------------
Entry point: 0xF9 (massErase)

*********************************************************************************************
SECTION-ALLOCATION SECTION
Section Name                    Size  Type     From       To       Segment
---------------------------------------------------------------------------------------------
.init                            207     R       0xB0      0x17E   ROM
.vectSeg0_vect                     2     R     0xFFFE     0xFFFF   .vectSeg0

Summary of section sizes per section type:
READ_ONLY (R):          D1 (dec:      209)

*********************************************************************************************
VECTOR-ALLOCATION SECTION
    Address     InitValue   InitFunction
---------------------------------------------------------------------------------------------
     0xFFFE          0xBB   entry

*********************************************************************************************
OBJECT-ALLOCATION SECTION
     Name               Module                 Addr   hSize   dSize     Ref    Section   RLIB
---------------------------------------------------------------------------------------------
MODULE:                 -- main_asm.obj --
- PROCEDURES:
     infoBlock                                   B0       1       1       0   .init       
     params                                      B1       A      10       0   .init       
     entry                                       BB       5       5       0   .init       
     program                                     BB       0       0       0   .init       
     prOLoop                                     C0      21      33       0   .init       
     prLoop                                      E1       D      13       0   .init       
     writePrStatus                               EE       6       6       0   .init       
     prLoop2                                     F4       5       5       0   .init       
     massErase                                   F9      13      19       0   .init       
     meLoop                                     10C      15      21       0   .init       
     isMeError                                  121       8       8       0   .init       
     blLoop                                     129      16      22       0   .init       
     writeBlStatus                              13F       3       3       0   .init       
     selectiveErase                             142       5       5       0   .init       
     seOLoop                                    147      21      33       0   .init       
     seLoop                                     168      14      20       0   .init       
     writeSeStatus                              17C       3       3       0   .init       
- VARIABLES:
     reserved                                    B6       5       5       0   .init       
- LABELS:
     flashAddressL                               B0       0       0       9               
     status                                      B0       0       0       4               
     controller                                  B2       0       0       4               
     dataAddress                                 B4       0       0       2               
     sectorSize                                  B4       0       0       2               
     dataSize                                    B6       0       0       4               
     sectorCount                                 B6       0       0       2               
     ppageAddress                                B8       0       0       4               
     pageNum                                     BA       0       0       4               

*********************************************************************************************
MODULE STATISTIC
  Name                                      Data   Code  Const
---------------------------------------------------------------------------------------------
  main_asm.obj                                 0    207      0
  other                                        0      2      0

*********************************************************************************************
SECTION USE IN OBJECT-ALLOCATION SECTION
---------------------------------------------------------------------------------------------
SECTION: ".init"
  infoBlock params reserved program entry prOLoop prLoop writePrStatus prLoop2 
  massErase meLoop isMeError blLoop writeBlStatus selectiveErase seOLoop seLoop 
  writeSeStatus 

*********************************************************************************************
OBJECT LIST SORTED BY ADDRESS
     Name                                      Addr   hSize   dSize     Ref    Section   RLIB
---------------------------------------------------------------------------------------------
     infoBlock                                   B0       1       1       0   .init       
     params                                      B1       A      10       0   .init       
     reserved                                    B6       5       5       0   .init       
     program                                     BB       0       0       0   .init       
     entry                                       BB       5       5       0   .init       
     prOLoop                                     C0      21      33       0   .init       
     prLoop                                      E1       D      13       0   .init       
     writePrStatus                               EE       6       6       0   .init       
     prLoop2                                     F4       5       5       0   .init       
     massErase                                   F9      13      19       0   .init       
     meLoop                                     10C      15      21       0   .init       
     isMeError                                  121       8       8       0   .init       
     blLoop                                     129      16      22       0   .init       
     writeBlStatus                              13F       3       3       0   .init       
     selectiveErase                             142       5       5       0   .init       
     seOLoop                                    147      21      33       0   .init       
     seLoop                                     168      14      20       0   .init       
     writeSeStatus                              17C       3       3       0   .init       

*********************************************************************************************
UNUSED-OBJECTS SECTION
---------------------------------------------------------------------------------------------

*********************************************************************************************
COPYDOWN SECTION
---------------------------------------------------------------------------------------------

*********************************************************************************************
OBJECT-DEPENDENCIES SECTION
---------------------------------------------------------------------------------------------
entry                     USES ppageAddress pageNum 
prOLoop                   USES dataSize dataAddress flashAddressL controller 
writePrStatus             USES status controller 
massErase                 USES ppageAddress pageNum flashAddressL controller 
isMeError                 USES status ppageAddress pageNum 
blLoop                    USES dataSize flashAddressL 
writeBlStatus             USES status 
selectiveErase            USES ppageAddress pageNum 
seOLoop                   USES sectorCount flashAddressL sectorSize controller 
writeSeStatus             USES status 

*********************************************************************************************
DEPENDENCY TREE
*********************************************************************************************
 massErase           
 | 
 +- infoBlock           
      
 entry               
 | 
 +- infoBlock            (see above)
    
*********************************************************************************************
STATISTIC SECTION
---------------------------------------------------------------------------------------------

ExeFile:
--------
Number of blocks to be downloaded: 2
Total size of all blocks to be downloaded: 209

